misstake 1
misstake 2
misstake 3
misstake 5